Archive member included to satisfy reference by file (symbol)

c:/st/stm32cubeide_1.3.0/stm32cubeide/plugins/com.st.stm32cube.ide.mcu.externaltools.gnu-tools-for-stm32.7-2018-q2-update.win32_1.0.0.201904181610/tools/bin/../lib/gcc/arm-none-eabi/7.3.1/../../../../arm-none-eabi/lib/thumb/v7e-m/fpv4-sp/hard\libc_nano.a(lib_a-errno.o)
                              Core/Src/syscalls.o (__errno)
c:/st/stm32cubeide_1.3.0/stm32cubeide/plugins/com.st.stm32cube.ide.mcu.externaltools.gnu-tools-for-stm32.7-2018-q2-update.win32_1.0.0.201904181610/tools/bin/../lib/gcc/arm-none-eabi/7.3.1/../../../../arm-none-eabi/lib/thumb/v7e-m/fpv4-sp/hard\libc_nano.a(lib_a-exit.o)
                              c:/st/stm32cubeide_1.3.0/stm32cubeide/plugins/com.st.stm32cube.ide.mcu.externaltools.gnu-tools-for-stm32.7-2018-q2-update.win32_1.0.0.201904181610/tools/bin/../lib/gcc/arm-none-eabi/7.3.1/../../../../arm-none-eabi/lib/thumb/v7e-m/fpv4-sp/hard/crt0.o (exit)
c:/st/stm32cubeide_1.3.0/stm32cubeide/plugins/com.st.stm32cube.ide.mcu.externaltools.gnu-tools-for-stm32.7-2018-q2-update.win32_1.0.0.201904181610/tools/bin/../lib/gcc/arm-none-eabi/7.3.1/../../../../arm-none-eabi/lib/thumb/v7e-m/fpv4-sp/hard\libc_nano.a(lib_a-impure.o)
                              c:/st/stm32cubeide_1.3.0/stm32cubeide/plugins/com.st.stm32cube.ide.mcu.externaltools.gnu-tools-for-stm32.7-2018-q2-update.win32_1.0.0.201904181610/tools/bin/../lib/gcc/arm-none-eabi/7.3.1/../../../../arm-none-eabi/lib/thumb/v7e-m/fpv4-sp/hard\libc_nano.a(lib_a-exit.o) (_global_impure_ptr)
c:/st/stm32cubeide_1.3.0/stm32cubeide/plugins/com.st.stm32cube.ide.mcu.externaltools.gnu-tools-for-stm32.7-2018-q2-update.win32_1.0.0.201904181610/tools/bin/../lib/gcc/arm-none-eabi/7.3.1/../../../../arm-none-eabi/lib/thumb/v7e-m/fpv4-sp/hard\libc_nano.a(lib_a-init.o)
                              c:/st/stm32cubeide_1.3.0/stm32cubeide/plugins/com.st.stm32cube.ide.mcu.externaltools.gnu-tools-for-stm32.7-2018-q2-update.win32_1.0.0.201904181610/tools/bin/../lib/gcc/arm-none-eabi/7.3.1/../../../../arm-none-eabi/lib/thumb/v7e-m/fpv4-sp/hard/crt0.o (__libc_init_array)
c:/st/stm32cubeide_1.3.0/stm32cubeide/plugins/com.st.stm32cube.ide.mcu.externaltools.gnu-tools-for-stm32.7-2018-q2-update.win32_1.0.0.201904181610/tools/bin/../lib/gcc/arm-none-eabi/7.3.1/../../../../arm-none-eabi/lib/thumb/v7e-m/fpv4-sp/hard\libc_nano.a(lib_a-memcpy-stub.o)
                              Middlewares/Third_Party/FreeRTOS/Source/queue.o (memcpy)
c:/st/stm32cubeide_1.3.0/stm32cubeide/plugins/com.st.stm32cube.ide.mcu.externaltools.gnu-tools-for-stm32.7-2018-q2-update.win32_1.0.0.201904181610/tools/bin/../lib/gcc/arm-none-eabi/7.3.1/../../../../arm-none-eabi/lib/thumb/v7e-m/fpv4-sp/hard\libc_nano.a(lib_a-memset.o)
                              c:/st/stm32cubeide_1.3.0/stm32cubeide/plugins/com.st.stm32cube.ide.mcu.externaltools.gnu-tools-for-stm32.7-2018-q2-update.win32_1.0.0.201904181610/tools/bin/../lib/gcc/arm-none-eabi/7.3.1/../../../../arm-none-eabi/lib/thumb/v7e-m/fpv4-sp/hard/crt0.o (memset)
c:/st/stm32cubeide_1.3.0/stm32cubeide/plugins/com.st.stm32cube.ide.mcu.externaltools.gnu-tools-for-stm32.7-2018-q2-update.win32_1.0.0.201904181610/tools/bin/../lib/gcc/arm-none-eabi/7.3.1/thumb/v7e-m/fpv4-sp/hard\libgcc.a(_clear_cache.o)
                              Core/Src/fsm.o (__clear_cache)

Allocating common symbols
Common symbol       size              file

LedHandle           0x4               Core/Src/main.o
boton_state         0x1               Core/Src/fsm.o
defaultTaskHandle   0x4               Core/Src/main.o
p                   0x4               Core/Src/fsm.o
new_event           0x1               Core/Src/fsm.o
led_state           0x1               Core/Src/fsm.o
uwTick              0x4               Drivers/STM32L4xx_HAL_Driver/Src/stm32l4xx_hal.o
xQueueRegistry      0x40              Middlewares/Third_Party/FreeRTOS/Source/queue.o
BotonHandle         0x4               Core/Src/main.o

Discarded input sections

 .text          0x0000000000000000        0x0 c:/st/stm32cubeide_1.3.0/stm32cubeide/plugins/com.st.stm32cube.ide.mcu.externaltools.gnu-tools-for-stm32.7-2018-q2-update.win32_1.0.0.201904181610/tools/bin/../lib/gcc/arm-none-eabi/7.3.1/thumb/v7e-m/fpv4-sp/hard/crti.o
 .data          0x0000000000000000        0x0 c:/st/stm32cubeide_1.3.0/stm32cubeide/plugins/com.st.stm32cube.ide.mcu.externaltools.gnu-tools-for-stm32.7-2018-q2-update.win32_1.0.0.201904181610/tools/bin/../lib/gcc/arm-none-eabi/7.3.1/thumb/v7e-m/fpv4-sp/hard/crti.o
 .bss           0x0000000000000000        0x0 c:/st/stm32cubeide_1.3.0/stm32cubeide/plugins/com.st.stm32cube.ide.mcu.externaltools.gnu-tools-for-stm32.7-2018-q2-update.win32_1.0.0.201904181610/tools/bin/../lib/gcc/arm-none-eabi/7.3.1/thumb/v7e-m/fpv4-sp/hard/crti.o
[...]
Memory Configuration

Name             Origin             Length             Attributes
RAM              0x0000000020000000 0x0000000000018000 xrw
RAM2             0x0000000010000000 0x0000000000008000 xrw
FLASH            0x0000000008000000 0x0000000000100000 xr
*default*        0x0000000000000000 0xffffffffffffffff

Linker script and memory map

LOAD c:/st/stm32cubeide_1.3.0/stm32cubeide/plugins/com.st.stm32cube.ide.mcu.externaltools.gnu-tools-for-stm32.7-2018-q2-update.win32_1.0.0.201904181610/tools/bin/../lib/gcc/arm-none-eabi/7.3.1/thumb/v7e-m/fpv4-sp/hard/crti.o
LOAD c:/st/stm32cubeide_1.3.0/stm32cubeide/plugins/com.st.stm32cube.ide.mcu.externaltools.gnu-tools-for-stm32.7-2018-q2-update.win32_1.0.0.201904181610/tools/bin/../lib/gcc/arm-none-eabi/7.3.1/thumb/v7e-m/fpv4-sp/hard/crtbegin.o
LOAD c:/st/stm32cubeide_1.3.0/stm32cubeide/plugins/com.st.stm32cube.ide.mcu.externaltools.gnu-tools-for-stm32.7-2018-q2-update.win32_1.0.0.201904181610/tools/bin/../lib/gcc/arm-none-eabi/7.3.1/../../../../arm-none-eabi/lib/thumb/v7e-m/fpv4-sp/hard/crt0.o
LOAD Core/Src/freertos.o
LOAD Core/Src/fsm.o
LOAD Core/Src/main.o
LOAD Core/Src/stm32l4xx_hal_msp.o
LOAD Core/Src/stm32l4xx_it.o
LOAD Core/Src/syscalls.o
LOAD Core/Src/sysmem.o
LOAD Core/Src/system_stm32l4xx.o
LOAD Core/Startup/startup_stm32l476rgtx.o
LOAD Drivers/STM32L4xx_HAL_Driver/Src/stm32l4xx_hal.o
LOAD Drivers/STM32L4xx_HAL_Driver/Src/stm32l4xx_hal_cortex.o
LOAD Drivers/STM32L4xx_HAL_Driver/Src/stm32l4xx_hal_dma.o
LOAD Drivers/STM32L4xx_HAL_Driver/Src/stm32l4xx_hal_dma_ex.o
LOAD Drivers/STM32L4xx_HAL_Driver/Src/stm32l4xx_hal_exti.o
LOAD Drivers/STM32L4xx_HAL_Driver/Src/stm32l4xx_hal_flash.o
LOAD Drivers/STM32L4xx_HAL_Driver/Src/stm32l4xx_hal_flash_ex.o
LOAD Drivers/STM32L4xx_HAL_Driver/Src/stm32l4xx_hal_flash_ramfunc.o
LOAD Drivers/STM32L4xx_HAL_Driver/Src/stm32l4xx_hal_gpio.o
LOAD Drivers/STM32L4xx_HAL_Driver/Src/stm32l4xx_hal_i2c.o
LOAD Drivers/STM32L4xx_HAL_Driver/Src/stm32l4xx_hal_i2c_ex.o
LOAD Drivers/STM32L4xx_HAL_Driver/Src/stm32l4xx_hal_pwr.o
LOAD Drivers/STM32L4xx_HAL_Driver/Src/stm32l4xx_hal_pwr_ex.o
LOAD Drivers/STM32L4xx_HAL_Driver/Src/stm32l4xx_hal_rcc.o
LOAD Drivers/STM32L4xx_HAL_Driver/Src/stm32l4xx_hal_rcc_ex.o
LOAD Drivers/STM32L4xx_HAL_Driver/Src/stm32l4xx_hal_tim.o
LOAD Drivers/STM32L4xx_HAL_Driver/Src/stm32l4xx_hal_tim_ex.o
LOAD Middlewares/Third_Party/FreeRTOS/Source/CMSIS_RTOS/cmsis_os.o
LOAD Middlewares/Third_Party/FreeRTOS/Source/croutine.o
LOAD Middlewares/Third_Party/FreeRTOS/Source/event_groups.o
LOAD Middlewares/Third_Party/FreeRTOS/Source/list.o
LOAD Middlewares/Third_Party/FreeRTOS/Source/queue.o
LOAD Middlewares/Third_Party/FreeRTOS/Source/stream_buffer.o
LOAD Middlewares/Third_Party/FreeRTOS/Source/tasks.o
LOAD Middlewares/Third_Party/FreeRTOS/Source/timers.o
LOAD Middlewares/Third_Party/FreeRTOS/Source/portable/GCC/ARM_CM4F/port.o
LOAD Middlewares/Third_Party/FreeRTOS/Source/portable/MemMang/heap_4.o
START GROUP
LOAD c:/st/stm32cubeide_1.3.0/stm32cubeide/plugins/com.st.stm32cube.ide.mcu.externaltools.gnu-tools-for-stm32.7-2018-q2-update.win32_1.0.0.201904181610/tools/bin/../lib/gcc/arm-none-eabi/7.3.1/../../../../arm-none-eabi/lib/thumb/v7e-m/fpv4-sp/hard\libc_nano.a
LOAD c:/st/stm32cubeide_1.3.0/stm32cubeide/plugins/com.st.stm32cube.ide.mcu.externaltools.gnu-tools-for-stm32.7-2018-q2-update.win32_1.0.0.201904181610/tools/bin/../lib/gcc/arm-none-eabi/7.3.1/../../../../arm-none-eabi/lib/thumb/v7e-m/fpv4-sp/hard\libm.a
END GROUP
START GROUP
LOAD c:/st/stm32cubeide_1.3.0/stm32cubeide/plugins/com.st.stm32cube.ide.mcu.externaltools.gnu-tools-for-stm32.7-2018-q2-update.win32_1.0.0.201904181610/tools/bin/../lib/gcc/arm-none-eabi/7.3.1/thumb/v7e-m/fpv4-sp/hard\libgcc.a
LOAD c:/st/stm32cubeide_1.3.0/stm32cubeide/plugins/com.st.stm32cube.ide.mcu.externaltools.gnu-tools-for-stm32.7-2018-q2-update.win32_1.0.0.201904181610/tools/bin/../lib/gcc/arm-none-eabi/7.3.1/../../../../arm-none-eabi/lib/thumb/v7e-m/fpv4-sp/hard\libc_nano.a
END GROUP
START GROUP
LOAD c:/st/stm32cubeide_1.3.0/stm32cubeide/plugins/com.st.stm32cube.ide.mcu.externaltools.gnu-tools-for-stm32.7-2018-q2-update.win32_1.0.0.201904181610/tools/bin/../lib/gcc/arm-none-eabi/7.3.1/thumb/v7e-m/fpv4-sp/hard\libgcc.a
LOAD c:/st/stm32cubeide_1.3.0/stm32cubeide/plugins/com.st.stm32cube.ide.mcu.externaltools.gnu-tools-for-stm32.7-2018-q2-update.win32_1.0.0.201904181610/tools/bin/../lib/gcc/arm-none-eabi/7.3.1/../../../../arm-none-eabi/lib/thumb/v7e-m/fpv4-sp/hard\libc_nano.a
LOAD c:/st/stm32cubeide_1.3.0/stm32cubeide/plugins/com.st.stm32cube.ide.mcu.externaltools.gnu-tools-for-stm32.7-2018-q2-update.win32_1.0.0.201904181610/tools/bin/../lib/gcc/arm-none-eabi/7.3.1/../../../../arm-none-eabi/lib/thumb/v7e-m/fpv4-sp/hard\libnosys.a
END GROUP
START GROUP
LOAD c:/st/stm32cubeide_1.3.0/stm32cubeide/plugins/com.st.stm32cube.ide.mcu.externaltools.gnu-tools-for-stm32.7-2018-q2-update.win32_1.0.0.201904181610/tools/bin/../lib/gcc/arm-none-eabi/7.3.1/thumb/v7e-m/fpv4-sp/hard\libgcc.a
LOAD c:/st/stm32cubeide_1.3.0/stm32cubeide/plugins/com.st.stm32cube.ide.mcu.externaltools.gnu-tools-for-stm32.7-2018-q2-update.win32_1.0.0.201904181610/tools/bin/../lib/gcc/arm-none-eabi/7.3.1/../../../../arm-none-eabi/lib/thumb/v7e-m/fpv4-sp/hard\libc_nano.a
LOAD c:/st/stm32cubeide_1.3.0/stm32cubeide/plugins/com.st.stm32cube.ide.mcu.externaltools.gnu-tools-for-stm32.7-2018-q2-update.win32_1.0.0.201904181610/tools/bin/../lib/gcc/arm-none-eabi/7.3.1/../../../../arm-none-eabi/lib/thumb/v7e-m/fpv4-sp/hard\libnosys.a
END GROUP
LOAD c:/st/stm32cubeide_1.3.0/stm32cubeide/plugins/com.st.stm32cube.ide.mcu.externaltools.gnu-tools-for-stm32.7-2018-q2-update.win32_1.0.0.201904181610/tools/bin/../lib/gcc/arm-none-eabi/7.3.1/thumb/v7e-m/fpv4-sp/hard/crtend.o
LOAD c:/st/stm32cubeide_1.3.0/stm32cubeide/plugins/com.st.stm32cube.ide.mcu.externaltools.gnu-tools-for-stm32.7-2018-q2-update.win32_1.0.0.201904181610/tools/bin/../lib/gcc/arm-none-eabi/7.3.1/thumb/v7e-m/fpv4-sp/hard/crtn.o
                0x0000000020018000                _estack = (ORIGIN (RAM) + LENGTH (RAM))
                0x0000000000000200                _Min_Heap_Size = 0x200
                0x0000000000000400                _Min_Stack_Size = 0x400

.isr_vector     0x0000000008000000      0x188
                0x0000000008000000                . = ALIGN (0x4)
 *(.isr_vector)
 .isr_vector    0x0000000008000000      0x188 Core/Startup/startup_stm32l476rgtx.o
                0x0000000008000000                g_pfnVectors
                0x0000000008000188                . = ALIGN (0x4)

.text           0x0000000008000190     0x2f40
                0x0000000008000190                . = ALIGN (0x4)
 *(.text)
 .text          0x0000000008000190       0x40 c:/st/stm32cubeide_1.3.0/stm32cubeide/plugins/com.st.stm32cube.ide.mcu.externaltools.gnu-tools-for-stm32.7-2018-q2-update.win32_1.0.0.201904181610/tools/bin/../lib/gcc/arm-none-eabi/7.3.1/thumb/v7e-m/fpv4-sp/hard/crtbegin.o
 .text          0x00000000080001d0        0x4 c:/st/stm32cubeide_1.3.0/stm32cubeide/plugins/com.st.stm32cube.ide.mcu.externaltools.gnu-tools-for-stm32.7-2018-q2-update.win32_1.0.0.201904181610/tools/bin/../lib/gcc/arm-none-eabi/7.3.1/thumb/v7e-m/fpv4-sp/hard\libgcc.a(_clear_cache.o)
                0x00000000080001d0                __clear_cache
 *(.text*)
 .text.vApplicationGetIdleTaskMemory
                0x00000000080001d4       0x34 Core/Src/freertos.o
                0x00000000080001d4                vApplicationGetIdleTaskMemory
 .text.apag.7944
                0x0000000008000208       0x4c Core/Src/fsm.o
 .text.LedHandler
                0x0000000008000254      0x1b8 Core/Src/fsm.o
                0x0000000008000254                LedHandler
 .text.dimer.7946
                0x000000000800040c       0x40 Core/Src/fsm.o
 .text.brill.7948
                0x000000000800044c       0x4c Core/Src/fsm.o
 .text.error.7950
                0x0000000008000498       0x20 Core/Src/fsm.o
 .text.BotonHandler
                0x00000000080004b8       0xb0 Core/Src/fsm.o
                0x00000000080004b8                BotonHandler
 .text.dimerizar
                0x0000000008000568       0x20 Core/Src/fsm.o
                0x0000000008000568                dimerizar
 .text.main     0x0000000008000588       0xcc Core/Src/main.o
                0x0000000008000588                main
 .text.SystemClock_Config
                0x0000000008000654       0x8c Core/Src/main.o
                0x0000000008000654                SystemClock_Config
 .text.MX_GPIO_Init
                0x00000000080006e0       0x9c Core/Src/main.o
 .text.StartDefaultTask
                0x000000000800077c       0x10 Core/Src/main.o
                0x000000000800077c                StartDefaultTask
 .text.StartLed
                0x000000000800078c       0x12 Core/Src/main.o
                0x000000000800078c                StartLed
 .text.StartBoton
                0x000000000800079e       0x12 Core/Src/main.o
                0x000000000800079e                StartBoton
 .text.Error_Handler
                0x00000000080007b0        0xe Core/Src/main.o
                0x00000000080007b0                Error_Handler
 *fill*         0x00000000080007be        0x2 
 .text.HAL_MspInit
                0x00000000080007c0       0x50 Core/Src/stm32l4xx_hal_msp.o
                0x00000000080007c0                HAL_MspInit
 .text.NMI_Handler
                0x0000000008000810        0xe Core/Src/stm32l4xx_it.o
                0x0000000008000810                NMI_Handler
 .text.HardFault_Handler
                0x000000000800081e        0x6 Core/Src/stm32l4xx_it.o
                0x000000000800081e                HardFault_Handler
 .text.MemManage_Handler
                0x0000000008000824        0x6 Core/Src/stm32l4xx_it.o
                0x0000000008000824                MemManage_Handler
 .text.BusFault_Handler
                0x000000000800082a        0x6 Core/Src/stm32l4xx_it.o
                0x000000000800082a                BusFault_Handler
 .text.UsageFault_Handler
                0x0000000008000830        0x6 Core/Src/stm32l4xx_it.o
                0x0000000008000830                UsageFault_Handler
 .text.DebugMon_Handler
                0x0000000008000836        0xe Core/Src/stm32l4xx_it.o
                0x0000000008000836                DebugMon_Handler
 .text.SysTick_Handler
                0x0000000008000844       0x1a Core/Src/stm32l4xx_it.o
                0x0000000008000844                SysTick_Handler
 *fill*         0x000000000800085e        0x2 
 .text.SystemInit
                0x0000000008000860       0x6c Core/Src/system_stm32l4xx.o
                0x0000000008000860                SystemInit
 .text.Reset_Handler
                0x00000000080008cc       0x50 Core/Startup/startup_stm32l476rgtx.o
                0x00000000080008cc                Reset_Handler
 .text.Default_Handler
                0x000000000800091c        0x2 Core/Startup/startup_stm32l476rgtx.o
                0x000000000800091c                RTC_Alarm_IRQHandler
                0x000000000800091c                EXTI2_IRQHandler
                0x000000000800091c                TIM8_TRG_COM_IRQHandler
                0x000000000800091c                TIM8_CC_IRQHandler
                0x000000000800091c                TIM1_CC_IRQHandler
                0x000000000800091c                TSC_IRQHandler
                0x000000000800091c                TAMP_STAMP_IRQHandler
                0x000000000800091c                EXTI3_IRQHandler
                0x000000000800091c                LPTIM2_IRQHandler
                0x000000000800091c                DFSDM1_FLT1_IRQHandler
                0x000000000800091c                I2C3_ER_IRQHandler
                0x000000000800091c                DFSDM1_FLT2_IRQHandler
                0x000000000800091c                EXTI0_IRQHandler
                0x000000000800091c                I2C2_EV_IRQHandler
                0x000000000800091c                CAN1_RX0_IRQHandler
                0x000000000800091c                FPU_IRQHandler
                0x000000000800091c                TIM1_UP_TIM16_IRQHandler
                0x000000000800091c                ADC1_2_IRQHandler
                0x000000000800091c                SPI1_IRQHandler
                0x000000000800091c                TIM6_DAC_IRQHandler
                0x000000000800091c                TIM8_UP_IRQHandler
                0x000000000800091c                DMA2_Channel2_IRQHandler
                0x000000000800091c                DMA1_Channel4_IRQHandler
                0x000000000800091c                SAI2_IRQHandler
                0x000000000800091c                DFSDM1_FLT3_IRQHandler
                0x000000000800091c                USART3_IRQHandler
                0x000000000800091c                DMA1_Channel7_IRQHandler
                0x000000000800091c                CAN1_RX1_IRQHandler
                0x000000000800091c                LCD_IRQHandler
                0x000000000800091c                UART5_IRQHandler
                0x000000000800091c                ADC3_IRQHandler
                0x000000000800091c                TIM4_IRQHandler
                0x000000000800091c                DMA2_Channel1_IRQHandler
                0x000000000800091c                QUADSPI_IRQHandler
                0x000000000800091c                I2C1_EV_IRQHandler
                0x000000000800091c                DMA1_Channel6_IRQHandler
                0x000000000800091c                UART4_IRQHandler
                0x000000000800091c                DMA2_Channel4_IRQHandler
                0x000000000800091c                TIM3_IRQHandler
                0x000000000800091c                RCC_IRQHandler
                0x000000000800091c                DMA1_Channel1_IRQHandler
                0x000000000800091c                Default_Handler
                0x000000000800091c                DMA2_Channel7_IRQHandler
                0x000000000800091c                EXTI15_10_IRQHandler
                0x000000000800091c                TIM7_IRQHandler
                0x000000000800091c                SDMMC1_IRQHandler
                0x000000000800091c                TIM5_IRQHandler
                0x000000000800091c                I2C3_EV_IRQHandler
                0x000000000800091c                EXTI9_5_IRQHandler
                0x000000000800091c                RTC_WKUP_IRQHandler
                0x000000000800091c                PVD_PVM_IRQHandler
                0x000000000800091c                SPI2_IRQHandler
                0x000000000800091c                CAN1_TX_IRQHandler
                0x000000000800091c                DMA2_Channel5_IRQHandler
                0x000000000800091c                DMA1_Channel5_IRQHandler
                0x000000000800091c                EXTI4_IRQHandler
                0x000000000800091c                RNG_IRQHandler
                0x000000000800091c                TIM1_TRG_COM_TIM17_IRQHandler
                0x000000000800091c                DMA1_Channel3_IRQHandler
                0x000000000800091c                COMP_IRQHandler
                0x000000000800091c                WWDG_IRQHandler
                0x000000000800091c                LPUART1_IRQHandler
                0x000000000800091c                DMA2_Channel6_IRQHandler
                0x000000000800091c                TIM2_IRQHandler
                0x000000000800091c                EXTI1_IRQHandler
                0x000000000800091c                USART2_IRQHandler
                0x000000000800091c                DFSDM1_FLT0_IRQHandler
                0x000000000800091c                I2C2_ER_IRQHandler
                0x000000000800091c                DMA1_Channel2_IRQHandler
                0x000000000800091c                TIM8_BRK_IRQHandler
                0x000000000800091c                CAN1_SCE_IRQHandler
                0x000000000800091c                FLASH_IRQHandler
                0x000000000800091c                USART1_IRQHandler
                0x000000000800091c                OTG_FS_IRQHandler
                0x000000000800091c                SPI3_IRQHandler
                0x000000000800091c                I2C1_ER_IRQHandler
                0x000000000800091c                FMC_IRQHandler
                0x000000000800091c                SWPMI1_IRQHandler
                0x000000000800091c                LPTIM1_IRQHandler
                0x000000000800091c                SAI1_IRQHandler
                0x000000000800091c                DMA2_Channel3_IRQHandler
                0x000000000800091c                TIM1_BRK_TIM15_IRQHandler
 .text.HAL_Init
                0x000000000800091e       0x30 Drivers/STM32L4xx_HAL_Driver/Src/stm32l4xx_hal.o
                0x000000000800091e                HAL_Init
 *fill*         0x000000000800094e        0x2 
 .text.HAL_InitTick
                0x0000000008000950       0x74 Drivers/STM32L4xx_HAL_Driver/Src/stm32l4xx_hal.o
                0x0000000008000950                HAL_InitTick
 .text.HAL_IncTick
                0x00000000080009c4       0x24 Drivers/STM32L4xx_HAL_Driver/Src/stm32l4xx_hal.o
                0x00000000080009c4                HAL_IncTick
 .text.HAL_GetTick
                0x00000000080009e8       0x18 Drivers/STM32L4xx_HAL_Driver/Src/stm32l4xx_hal.o
                0x00000000080009e8                HAL_GetTick
 .text.__NVIC_SetPriorityGrouping
                0x0000000008000a00       0x48 Drivers/STM32L4xx_HAL_Driver/Src/stm32l4xx_hal_cortex.o
 .text.__NVIC_GetPriorityGrouping
                0x0000000008000a48       0x1c Drivers/STM32L4xx_HAL_Driver/Src/stm32l4xx_hal_cortex.o
 .text.__NVIC_SetPriority
                0x0000000008000a64       0x54 Drivers/STM32L4xx_HAL_Driver/Src/stm32l4xx_hal_cortex.o
 .text.NVIC_EncodePriority
                0x0000000008000ab8       0x66 Drivers/STM32L4xx_HAL_Driver/Src/stm32l4xx_hal_cortex.o
 *fill*         0x0000000008000b1e        0x2 
 .text.SysTick_Config
                0x0000000008000b20       0x44 Drivers/STM32L4xx_HAL_Driver/Src/stm32l4xx_hal_cortex.o
 .text.HAL_NVIC_SetPriorityGrouping
                0x0000000008000b64       0x16 Drivers/STM32L4xx_HAL_Driver/Src/stm32l4xx_hal_cortex.o
                0x0000000008000b64                HAL_NVIC_SetPriorityGrouping
 .text.HAL_NVIC_SetPriority
                0x0000000008000b7a       0x38 Drivers/STM32L4xx_HAL_Driver/Src/stm32l4xx_hal_cortex.o
                0x0000000008000b7a                HAL_NVIC_SetPriority
 .text.HAL_SYSTICK_Config
                0x0000000008000bb2       0x18 Drivers/STM32L4xx_HAL_Driver/Src/stm32l4xx_hal_cortex.o
                0x0000000008000bb2                HAL_SYSTICK_Config
 *fill*         0x0000000008000bca        0x2 
 .text.HAL_GPIO_Init
                0x0000000008000bcc      0x350 Drivers/STM32L4xx_HAL_Driver/Src/stm32l4xx_hal_gpio.o
                0x0000000008000bcc                HAL_GPIO_Init
 .text.HAL_GPIO_ReadPin
                0x0000000008000f1c       0x30 Drivers/STM32L4xx_HAL_Driver/Src/stm32l4xx_hal_gpio.o
                0x0000000008000f1c                HAL_GPIO_ReadPin
 .text.HAL_GPIO_WritePin
                0x0000000008000f4c       0x30 Drivers/STM32L4xx_HAL_Driver/Src/stm32l4xx_hal_gpio.o
                0x0000000008000f4c                HAL_GPIO_WritePin
 .text.HAL_GPIO_TogglePin
                0x0000000008000f7c       0x32 Drivers/STM32L4xx_HAL_Driver/Src/stm32l4xx_hal_gpio.o
                0x0000000008000f7c                HAL_GPIO_TogglePin
 *fill*         0x0000000008000fae        0x2 
 .text.HAL_PWREx_GetVoltageRange
                0x0000000008000fb0       0x1c Drivers/STM32L4xx_HAL_Driver/Src/stm32l4xx_hal_pwr_ex.o
                0x0000000008000fb0                HAL_PWREx_GetVoltageRange
 .text.HAL_PWREx_ControlVoltageScaling
                0x0000000008000fcc       0xac Drivers/STM32L4xx_HAL_Driver/Src/stm32l4xx_hal_pwr_ex.o
                0x0000000008000fcc                HAL_PWREx_ControlVoltageScaling
 .text.HAL_RCC_OscConfig
                0x0000000008001078      0x7cc Drivers/STM32L4xx_HAL_Driver/Src/stm32l4xx_hal_rcc.o
                0x0000000008001078                HAL_RCC_OscConfig
 .text.HAL_RCC_ClockConfig
                0x0000000008001844      0x1c4 Drivers/STM32L4xx_HAL_Driver/Src/stm32l4xx_hal_rcc.o
                0x0000000008001844                HAL_RCC_ClockConfig
 .text.HAL_RCC_GetSysClockFreq
                0x0000000008001a08      0x114 Drivers/STM32L4xx_HAL_Driver/Src/stm32l4xx_hal_rcc.o
                0x0000000008001a08                HAL_RCC_GetSysClockFreq
 .text.RCC_SetFlashLatencyFromMSIRange
                0x0000000008001b1c       0xc0 Drivers/STM32L4xx_HAL_Driver/Src/stm32l4xx_hal_rcc.o
 .text.makeFreeRtosPriority
                0x0000000008001bdc       0x30 Middlewares/Third_Party/FreeRTOS/Source/CMSIS_RTOS/cmsis_os.o
 .text.osKernelStart
                0x0000000008001c0c        0xe Middlewares/Third_Party/FreeRTOS/Source/CMSIS_RTOS/cmsis_os.o
                0x0000000008001c0c                osKernelStart
 .text.osThreadCreate
                0x0000000008001c1a       0x98 Middlewares/Third_Party/FreeRTOS/Source/CMSIS_RTOS/cmsis_os.o
                0x0000000008001c1a                osThreadCreate
 .text.osDelay  0x0000000008001cb2       0x28 Middlewares/Third_Party/FreeRTOS/Source/CMSIS_RTOS/cmsis_os.o
                0x0000000008001cb2                osDelay
 .text.vListInitialise
                0x0000000008001cda       0x40 Middlewares/Third_Party/FreeRTOS/Source/list.o
                0x0000000008001cda                vListInitialise
 .text.vListInitialiseItem
                0x0000000008001d1a       0x1a Middlewares/Third_Party/FreeRTOS/Source/list.o
                0x0000000008001d1a                vListInitialiseItem
 .text.vListInsertEnd
                0x0000000008001d34       0x48 Middlewares/Third_Party/FreeRTOS/Source/list.o
                0x0000000008001d34                vListInsertEnd
 .text.vListInsert
                0x0000000008001d7c       0x72 Middlewares/Third_Party/FreeRTOS/Source/list.o
                0x0000000008001d7c                vListInsert
 .text.uxListRemove
                0x0000000008001dee       0x54 Middlewares/Third_Party/FreeRTOS/Source/list.o
                0x0000000008001dee                uxListRemove
 .text.xTaskCreateStatic
                0x0000000008001e42       0xb4 Middlewares/Third_Party/FreeRTOS/Source/tasks.o
                0x0000000008001e42                xTaskCreateStatic
 .text.xTaskCreate
                0x0000000008001ef6       0x8a Middlewares/Third_Party/FreeRTOS/Source/tasks.o
                0x0000000008001ef6                xTaskCreate
 .text.prvInitialiseNewTask
                0x0000000008001f80      0x10c Middlewares/Third_Party/FreeRTOS/Source/tasks.o
 .text.prvAddNewTaskToReadyList
                0x000000000800208c       0xd4 Middlewares/Third_Party/FreeRTOS/Source/tasks.o
 .text.vTaskDelay
                0x0000000008002160       0x68 Middlewares/Third_Party/FreeRTOS/Source/tasks.o
                0x0000000008002160                vTaskDelay
 .text.vTaskStartScheduler
                0x00000000080021c8       0xbc Middlewares/Third_Party/FreeRTOS/Source/tasks.o
                0x00000000080021c8                vTaskStartScheduler
 .text.vTaskSuspendAll
                0x0000000008002284       0x1c Middlewares/Third_Party/FreeRTOS/Source/tasks.o
                0x0000000008002284                vTaskSuspendAll
 .text.xTaskResumeAll
                0x00000000080022a0      0x138 Middlewares/Third_Party/FreeRTOS/Source/tasks.o
                0x00000000080022a0                xTaskResumeAll
 .text.xTaskIncrementTick
                0x00000000080023d8      0x170 Middlewares/Third_Party/FreeRTOS/Source/tasks.o
                0x00000000080023d8                xTaskIncrementTick
 .text.vTaskSwitchContext
                0x0000000008002548       0xb4 Middlewares/Third_Party/FreeRTOS/Source/tasks.o
                0x0000000008002548                vTaskSwitchContext
 .text.prvIdleTask
                0x00000000080025fc       0x30 Middlewares/Third_Party/FreeRTOS/Source/tasks.o
 .text.prvInitialiseTaskLists
                0x000000000800262c       0x80 Middlewares/Third_Party/FreeRTOS/Source/tasks.o
 .text.prvCheckTasksWaitingTermination
                0x00000000080026ac       0x58 Middlewares/Third_Party/FreeRTOS/Source/tasks.o
 .text.prvDeleteTCB
                0x0000000008002704       0x5c Middlewares/Third_Party/FreeRTOS/Source/tasks.o
 .text.prvResetNextTaskUnblockTime
                0x0000000008002760       0x40 Middlewares/Third_Party/FreeRTOS/Source/tasks.o
 .text.xTaskGetSchedulerState
                0x00000000080027a0       0x3c Middlewares/Third_Party/FreeRTOS/Source/tasks.o
                0x00000000080027a0                xTaskGetSchedulerState
 .text.prvAddCurrentTaskToDelayedList
                0x00000000080027dc       0xcc Middlewares/Third_Party/FreeRTOS/Source/tasks.o
 .text.pxPortInitialiseStack
                0x00000000080028a8       0x68 Middlewares/Third_Party/FreeRTOS/Source/portable/GCC/ARM_CM4F/port.o
                0x00000000080028a8                pxPortInitialiseStack
 .text.prvTaskExitError
                0x0000000008002910       0x54 Middlewares/Third_Party/FreeRTOS/Source/portable/GCC/ARM_CM4F/port.o
 *fill*         0x0000000008002964        0xc 
 .text.SVC_Handler
                0x0000000008002970       0x28 Middlewares/Third_Party/FreeRTOS/Source/portable/GCC/ARM_CM4F/port.o
                0x0000000008002970                SVC_Handler
 .text.prvPortStartFirstTask
                0x0000000008002998       0x28 Middlewares/Third_Party/FreeRTOS/Source/portable/GCC/ARM_CM4F/port.o
 .text.xPortStartScheduler
                0x00000000080029c0      0x13c Middlewares/Third_Party/FreeRTOS/Source/portable/GCC/ARM_CM4F/port.o
                0x00000000080029c0                xPortStartScheduler
 .text.vPortEnterCritical
                0x0000000008002afc       0x5c Middlewares/Third_Party/FreeRTOS/Source/portable/GCC/ARM_CM4F/port.o
                0x0000000008002afc                vPortEnterCritical
 .text.vPortExitCritical
                0x0000000008002b58       0x50 Middlewares/Third_Party/FreeRTOS/Source/portable/GCC/ARM_CM4F/port.o
                0x0000000008002b58                vPortExitCritical
 *fill*         0x0000000008002ba8        0x8 
 .text.PendSV_Handler
                0x0000000008002bb0       0x68 Middlewares/Third_Party/FreeRTOS/Source/portable/GCC/ARM_CM4F/port.o
                0x0000000008002bb0                PendSV_Handler
 .text.xPortSysTickHandler
                0x0000000008002c18       0x40 Middlewares/Third_Party/FreeRTOS/Source/portable/GCC/ARM_CM4F/port.o
                0x0000000008002c18                xPortSysTickHandler
 .text.vPortSetupTimerInterrupt
                0x0000000008002c58       0x48 Middlewares/Third_Party/FreeRTOS/Source/portable/GCC/ARM_CM4F/port.o
                0x0000000008002c58                vPortSetupTimerInterrupt
 .text.vPortEnableVFP
                0x0000000008002ca0       0x14 Middlewares/Third_Party/FreeRTOS/Source/portable/GCC/ARM_CM4F/port.o
 .text.pvPortMalloc
                0x0000000008002cb4      0x184 Middlewares/Third_Party/FreeRTOS/Source/portable/MemMang/heap_4.o
                0x0000000008002cb4                pvPortMalloc
 .text.vPortFree
                0x0000000008002e38       0xb0 Middlewares/Third_Party/FreeRTOS/Source/portable/MemMang/heap_4.o
                0x0000000008002e38                vPortFree
 .text.prvHeapInit
                0x0000000008002ee8       0xc4 Middlewares/Third_Party/FreeRTOS/Source/portable/MemMang/heap_4.o
 .text.prvInsertBlockIntoFreeList
                0x0000000008002fac       0xb4 Middlewares/Third_Party/FreeRTOS/Source/portable/MemMang/heap_4.o
 .text.__libc_init_array
                0x0000000008003060       0x48 c:/st/stm32cubeide_1.3.0/stm32cubeide/plugins/com.st.stm32cube.ide.mcu.externaltools.gnu-tools-for-stm32.7-2018-q2-update.win32_1.0.0.201904181610/tools/bin/../lib/gcc/arm-none-eabi/7.3.1/../../../../arm-none-eabi/lib/thumb/v7e-m/fpv4-sp/hard\libc_nano.a(lib_a-init.o)
                0x0000000008003060                __libc_init_array
 .text.memset   0x00000000080030a8       0x10 c:/st/stm32cubeide_1.3.0/stm32cubeide/plugins/com.st.stm32cube.ide.mcu.externaltools.gnu-tools-for-stm32.7-2018-q2-update.win32_1.0.0.201904181610/tools/bin/../lib/gcc/arm-none-eabi/7.3.1/../../../../arm-none-eabi/lib/thumb/v7e-m/fpv4-sp/hard\libc_nano.a(lib_a-memset.o)
                0x00000000080030a8                memset
 *(.glue_7)
 .glue_7        0x00000000080030b8        0x0 linker stubs
 *(.glue_7t)
 .glue_7t       0x00000000080030b8        0x0 linker stubs
 *(.eh_frame)
 .eh_frame      0x00000000080030b8        0x0 c:/st/stm32cubeide_1.3.0/stm32cubeide/plugins/com.st.stm32cube.ide.mcu.externaltools.gnu-tools-for-stm32.7-2018-q2-update.win32_1.0.0.201904181610/tools/bin/../lib/gcc/arm-none-eabi/7.3.1/thumb/v7e-m/fpv4-sp/hard/crtbegin.o
 *(.init)
 .init          0x00000000080030b8        0x4 c:/st/stm32cubeide_1.3.0/stm32cubeide/plugins/com.st.stm32cube.ide.mcu.externaltools.gnu-tools-for-stm32.7-2018-q2-update.win32_1.0.0.201904181610/tools/bin/../lib/gcc/arm-none-eabi/7.3.1/thumb/v7e-m/fpv4-sp/hard/crti.o
                0x00000000080030b8                _init
 .init          0x00000000080030bc        0x8 c:/st/stm32cubeide_1.3.0/stm32cubeide/plugins/com.st.stm32cube.ide.mcu.externaltools.gnu-tools-for-stm32.7-2018-q2-update.win32_1.0.0.201904181610/tools/bin/../lib/gcc/arm-none-eabi/7.3.1/thumb/v7e-m/fpv4-sp/hard/crtn.o
 *(.fini)
 .fini          0x00000000080030c4        0x4 c:/st/stm32cubeide_1.3.0/stm32cubeide/plugins/com.st.stm32cube.ide.mcu.externaltools.gnu-tools-for-stm32.7-2018-q2-update.win32_1.0.0.201904181610/tools/bin/../lib/gcc/arm-none-eabi/7.3.1/thumb/v7e-m/fpv4-sp/hard/crti.o
                0x00000000080030c4                _fini
 .fini          0x00000000080030c8        0x8 c:/st/stm32cubeide_1.3.0/stm32cubeide/plugins/com.st.stm32cube.ide.mcu.externaltools.gnu-tools-for-stm32.7-2018-q2-update.win32_1.0.0.201904181610/tools/bin/../lib/gcc/arm-none-eabi/7.3.1/thumb/v7e-m/fpv4-sp/hard/crtn.o
                0x00000000080030d0                . = ALIGN (0x4)
                0x00000000080030d0                _etext = .

.vfp11_veneer   0x00000000080030d0        0x0
 .vfp11_veneer  0x00000000080030d0        0x0 linker stubs

.v4_bx          0x00000000080030d0        0x0
 .v4_bx         0x00000000080030d0        0x0 linker stubs

.iplt           0x00000000080030d0        0x0
 .iplt          0x00000000080030d0        0x0 c:/st/stm32cubeide_1.3.0/stm32cubeide/plugins/com.st.stm32cube.ide.mcu.externaltools.gnu-tools-for-stm32.7-2018-q2-update.win32_1.0.0.201904181610/tools/bin/../lib/gcc/arm-none-eabi/7.3.1/thumb/v7e-m/fpv4-sp/hard/crtbegin.o

.rodata         0x00000000080030d0       0xc4
                0x00000000080030d0                . = ALIGN (0x4)
 *(.rodata)
 .rodata        0x00000000080030d0       0x10 Core/Src/fsm.o
 .rodata        0x00000000080030e0       0x6c Core/Src/main.o
 .rodata        0x000000000800314c        0x5 Middlewares/Third_Party/FreeRTOS/Source/tasks.o
 *(.rodata*)
 *fill*         0x0000000008003151        0x3 
 .rodata.AHBPrescTable
                0x0000000008003154       0x10 Core/Src/system_stm32l4xx.o
                0x0000000008003154                AHBPrescTable
 .rodata.MSIRangeTable
                0x0000000008003164       0x30 Core/Src/system_stm32l4xx.o
                0x0000000008003164                MSIRangeTable
                0x0000000008003194                . = ALIGN (0x4)

.rel.dyn        0x0000000008003194        0x0
 .rel.iplt      0x0000000008003194        0x0 c:/st/stm32cubeide_1.3.0/stm32cubeide/plugins/com.st.stm32cube.ide.mcu.externaltools.gnu-tools-for-stm32.7-2018-q2-update.win32_1.0.0.201904181610/tools/bin/../lib/gcc/arm-none-eabi/7.3.1/thumb/v7e-m/fpv4-sp/hard/crtbegin.o

.ARM.extab      0x0000000008003194        0x0
                0x0000000008003194                . = ALIGN (0x4)
 *(.ARM.extab* .gnu.linkonce.armextab.*)
                0x0000000008003194                . = ALIGN (0x4)

.ARM            0x0000000008003194        0x0
                0x0000000008003194                . = ALIGN (0x4)
                0x0000000008003194                __exidx_start = .
 *(.ARM.exidx*)
                0x0000000008003194                __exidx_end = .
                0x0000000008003194                . = ALIGN (0x4)

.preinit_array  0x0000000008003194        0x0
                0x0000000008003194                . = ALIGN (0x4)
                0x0000000008003194                PROVIDE (__preinit_array_start = .)
 *(.preinit_array*)
                0x0000000008003194                PROVIDE (__preinit_array_end = .)
                0x0000000008003194                . = ALIGN (0x4)

.init_array     0x0000000008003194        0x4
                0x0000000008003194                . = ALIGN (0x4)
                0x0000000008003194                PROVIDE (__init_array_start = .)
 *(SORT_BY_NAME(.init_array.*))
 *(.init_array*)
 .init_array    0x0000000008003194        0x4 c:/st/stm32cubeide_1.3.0/stm32cubeide/plugins/com.st.stm32cube.ide.mcu.externaltools.gnu-tools-for-stm32.7-2018-q2-update.win32_1.0.0.201904181610/tools/bin/../lib/gcc/arm-none-eabi/7.3.1/thumb/v7e-m/fpv4-sp/hard/crtbegin.o
                0x0000000008003198                PROVIDE (__init_array_end = .)
                0x0000000008003198                . = ALIGN (0x4)

.fini_array     0x0000000008003198        0x4
                0x0000000008003198                . = ALIGN (0x4)
                [!provide]                        PROVIDE (__fini_array_start = .)
 *(SORT_BY_NAME(.fini_array.*))
 *(.fini_array*)
 .fini_array    0x0000000008003198        0x4 c:/st/stm32cubeide_1.3.0/stm32cubeide/plugins/com.st.stm32cube.ide.mcu.externaltools.gnu-tools-for-stm32.7-2018-q2-update.win32_1.0.0.201904181610/tools/bin/../lib/gcc/arm-none-eabi/7.3.1/thumb/v7e-m/fpv4-sp/hard/crtbegin.o
                [!provide]                        PROVIDE (__fini_array_end = .)
                0x000000000800319c                . = ALIGN (0x4)
                0x000000000800319c                _sidata = LOADADDR (.data)

.data           0x0000000020000000       0x1c load address 0x000000000800319c
                0x0000000020000000                . = ALIGN (0x4)
                0x0000000020000000                _sdata = .
 *(.data)
 *(.data*)
 .data.tsw      0x0000000020000000        0x4 Core/Src/fsm.o
                0x0000000020000000                tsw
 .data.start    0x0000000020000004        0x4 Core/Src/fsm.o
                0x0000000020000004                start
 .data.event    0x0000000020000008        0x4 Core/Src/fsm.o
                0x0000000020000008                event
 .data.SystemCoreClock
                0x000000002000000c        0x4 Core/Src/system_stm32l4xx.o
                0x000000002000000c                SystemCoreClock
 .data.uwTickPrio
                0x0000000020000010        0x4 Drivers/STM32L4xx_HAL_Driver/Src/stm32l4xx_hal.o
                0x0000000020000010                uwTickPrio
 .data.uwTickFreq
                0x0000000020000014        0x4 Drivers/STM32L4xx_HAL_Driver/Src/stm32l4xx_hal.o
                0x0000000020000014                uwTickFreq
 .data.uxCriticalNesting
                0x0000000020000018        0x4 Middlewares/Third_Party/FreeRTOS/Source/portable/GCC/ARM_CM4F/port.o
                0x000000002000001c                . = ALIGN (0x4)
                0x000000002000001c                _edata = .

.igot.plt       0x000000002000001c        0x0 load address 0x00000000080031b8
 .igot.plt      0x000000002000001c        0x0 c:/st/stm32cubeide_1.3.0/stm32cubeide/plugins/com.st.stm32cube.ide.mcu.externaltools.gnu-tools-for-stm32.7-2018-q2-update.win32_1.0.0.201904181610/tools/bin/../lib/gcc/arm-none-eabi/7.3.1/thumb/v7e-m/fpv4-sp/hard/crtbegin.o
                0x000000002000001c                . = ALIGN (0x4)

.bss            0x000000002000001c      0xfa4 load address 0x00000000080031b8
                0x000000002000001c                _sbss = .
                0x000000002000001c                __bss_start__ = _sbss
 *(.bss)
 .bss           0x000000002000001c       0x1c c:/st/stm32cubeide_1.3.0/stm32cubeide/plugins/com.st.stm32cube.ide.mcu.externaltools.gnu-tools-for-stm32.7-2018-q2-update.win32_1.0.0.201904181610/tools/bin/../lib/gcc/arm-none-eabi/7.3.1/thumb/v7e-m/fpv4-sp/hard/crtbegin.o
 *(.bss*)
 .bss.xIdleTaskTCBBuffer
                0x0000000020000038       0x54 Core/Src/freertos.o
 .bss.xIdleStack
                0x000000002000008c      0x200 Core/Src/freertos.o
 .bss.t_led     0x000000002000028c        0x4 Core/Src/fsm.o
                0x000000002000028c                t_led
 .bss.dim       0x0000000020000290        0x4 Core/Src/fsm.o
                0x0000000020000290                dim
 .bss.con       0x0000000020000294        0x4 Core/Src/fsm.o
 .bss.antire    0x0000000020000298        0x4 Core/Src/fsm.o
                0x0000000020000298                antire
 .bss.marca     0x000000002000029c        0x4 Core/Src/main.o
                0x000000002000029c                marca
 .bss.pxCurrentTCB
                0x00000000200002a0        0x4 Middlewares/Third_Party/FreeRTOS/Source/tasks.o
                0x00000000200002a0                pxCurrentTCB
 .bss.pxReadyTasksLists
                0x00000000200002a4       0x8c Middlewares/Third_Party/FreeRTOS/Source/tasks.o
 .bss.xDelayedTaskList1
                0x0000000020000330       0x14 Middlewares/Third_Party/FreeRTOS/Source/tasks.o
 .bss.xDelayedTaskList2
                0x0000000020000344       0x14 Middlewares/Third_Party/FreeRTOS/Source/tasks.o
 .bss.pxDelayedTaskList
                0x0000000020000358        0x4 Middlewares/Third_Party/FreeRTOS/Source/tasks.o
 .bss.pxOverflowDelayedTaskList
                0x000000002000035c        0x4 Middlewares/Third_Party/FreeRTOS/Source/tasks.o
 .bss.xPendingReadyList
                0x0000000020000360       0x14 Middlewares/Third_Party/FreeRTOS/Source/tasks.o
 .bss.xTasksWaitingTermination
                0x0000000020000374       0x14 Middlewares/Third_Party/FreeRTOS/Source/tasks.o
 .bss.uxDeletedTasksWaitingCleanUp
                0x0000000020000388        0x4 Middlewares/Third_Party/FreeRTOS/Source/tasks.o
 .bss.xSuspendedTaskList
                0x000000002000038c       0x14 Middlewares/Third_Party/FreeRTOS/Source/tasks.o
 .bss.uxCurrentNumberOfTasks
                0x00000000200003a0        0x4 Middlewares/Third_Party/FreeRTOS/Source/tasks.o
 .bss.xTickCount
                0x00000000200003a4        0x4 Middlewares/Third_Party/FreeRTOS/Source/tasks.o
 .bss.uxTopReadyPriority
                0x00000000200003a8        0x4 Middlewares/Third_Party/FreeRTOS/Source/tasks.o
 .bss.xSchedulerRunning
                0x00000000200003ac        0x4 Middlewares/Third_Party/FreeRTOS/Source/tasks.o
 .bss.uxPendedTicks
                0x00000000200003b0        0x4 Middlewares/Third_Party/FreeRTOS/Source/tasks.o
 .bss.xYieldPending
                0x00000000200003b4        0x4 Middlewares/Third_Party/FreeRTOS/Source/tasks.o
 .bss.xNumOfOverflows
                0x00000000200003b8        0x4 Middlewares/Third_Party/FreeRTOS/Source/tasks.o
 .bss.uxTaskNumber
                0x00000000200003bc        0x4 Middlewares/Third_Party/FreeRTOS/Source/tasks.o
 .bss.xNextTaskUnblockTime
                0x00000000200003c0        0x4 Middlewares/Third_Party/FreeRTOS/Source/tasks.o
 .bss.xIdleTaskHandle
                0x00000000200003c4        0x4 Middlewares/Third_Party/FreeRTOS/Source/tasks.o
 .bss.uxSchedulerSuspended
                0x00000000200003c8        0x4 Middlewares/Third_Party/FreeRTOS/Source/tasks.o
 .bss.ucMaxSysCallPriority
                0x00000000200003cc        0x1 Middlewares/Third_Party/FreeRTOS/Source/portable/GCC/ARM_CM4F/port.o
 *fill*         0x00000000200003cd        0x3 
 .bss.ulMaxPRIGROUPValue
                0x00000000200003d0        0x4 Middlewares/Third_Party/FreeRTOS/Source/portable/GCC/ARM_CM4F/port.o
 .bss.ucHeap    0x00000000200003d4      0xbb8 Middlewares/Third_Party/FreeRTOS/Source/portable/MemMang/heap_4.o
 .bss.xStart    0x0000000020000f8c        0x8 Middlewares/Third_Party/FreeRTOS/Source/portable/MemMang/heap_4.o
 .bss.pxEnd     0x0000000020000f94        0x4 Middlewares/Third_Party/FreeRTOS/Source/portable/MemMang/heap_4.o
 .bss.xFreeBytesRemaining
                0x0000000020000f98        0x4 Middlewares/Third_Party/FreeRTOS/Source/portable/MemMang/heap_4.o
 .bss.xMinimumEverFreeBytesRemaining
                0x0000000020000f9c        0x4 Middlewares/Third_Party/FreeRTOS/Source/portable/MemMang/heap_4.o
 .bss.xBlockAllocatedBit
                0x0000000020000fa0        0x4 Middlewares/Third_Party/FreeRTOS/Source/portable/MemMang/heap_4.o
 *(COMMON)
 COMMON         0x0000000020000fa4        0xa Core/Src/fsm.o
                0x0000000020000fa4                boton_state
                0x0000000020000fa8                p
                0x0000000020000fac                new_event
                0x0000000020000fad                led_state
 *fill*         0x0000000020000fae        0x2 
 COMMON         0x0000000020000fb0        0xc Core/Src/main.o
                0x0000000020000fb0                LedHandle
                0x0000000020000fb4                defaultTaskHandle
                0x0000000020000fb8                BotonHandle
 COMMON         0x0000000020000fbc        0x4 Drivers/STM32L4xx_HAL_Driver/Src/stm32l4xx_hal.o
                0x0000000020000fbc                uwTick
                0x0000000020000fc0                . = ALIGN (0x4)
                0x0000000020000fc0                _ebss = .
                0x0000000020000fc0                __bss_end__ = _ebss

._user_heap_stack
                0x0000000020000fc0      0x600 load address 0x00000000080031b8
                0x0000000020000fc0                . = ALIGN (0x8)
                0x0000000020000fc0                PROVIDE (end = .)
                [!provide]                        PROVIDE (_end = .)
                0x00000000200011c0                . = (. + _Min_Heap_Size)
 *fill*         0x0000000020000fc0      0x200 
                0x00000000200015c0                . = (. + _Min_Stack_Size)
 *fill*         0x00000000200011c0      0x400 
                0x00000000200015c0                . = ALIGN (0x8)

/DISCARD/
 libc.a(*)
 libm.a(*)
 libgcc.a(*)

.ARM.attributes
                0x0000000000000000       0x30
 *(.ARM.attributes)
 .ARM.attributes
                0x0000000000000000       0x22 c:/st/stm32cubeide_1.3.0/stm32cubeide/plugins/com.st.stm32cube.ide.mcu.externaltools.gnu-tools-for-stm32.7-2018-q2-update.win32_1.0.0.201904181610/tools/bin/../lib/gcc/arm-none-eabi/7.3.1/thumb/v7e-m/fpv4-sp/hard/crti.o
 .ARM.attributes
                0x0000000000000022       0x34 c:/st/stm32cubeide_1.3.0/stm32cubeide/plugins/com.st.stm32cube.ide.mcu.externaltools.gnu-tools-for-stm32.7-2018-q2-update.win32_1.0.0.201904181610/tools/bin/../lib/gcc/arm-none-eabi/7.3.1/thumb/v7e-m/fpv4-sp/hard/crtbegin.o
 .ARM.attributes
                0x0000000000000056       0x39 Core/Src/freertos.o
 .ARM.attributes
                0x000000000000008f       0x39 Core/Src/fsm.o
 .ARM.attributes
                0x00000000000000c8       0x39 Core/Src/main.o
 .ARM.attributes
                0x0000000000000101       0x39 Core/Src/stm32l4xx_hal_msp.o
 .ARM.attributes
                0x000000000000013a       0x39 Core/Src/stm32l4xx_it.o
 .ARM.attributes
                0x0000000000000173       0x39 Core/Src/system_stm32l4xx.o
 .ARM.attributes
                0x00000000000001ac       0x21 Core/Startup/startup_stm32l476rgtx.o
 .ARM.attributes
                0x00000000000001cd       0x39 Drivers/STM32L4xx_HAL_Driver/Src/stm32l4xx_hal.o
 .ARM.attributes
                0x0000000000000206       0x39 Drivers/STM32L4xx_HAL_Driver/Src/stm32l4xx_hal_cortex.o
 .ARM.attributes
                0x000000000000023f       0x39 Drivers/STM32L4xx_HAL_Driver/Src/stm32l4xx_hal_gpio.o
 .ARM.attributes
                0x0000000000000278       0x39 Drivers/STM32L4xx_HAL_Driver/Src/stm32l4xx_hal_pwr_ex.o
 .ARM.attributes
                0x00000000000002b1       0x39 Drivers/STM32L4xx_HAL_Driver/Src/stm32l4xx_hal_rcc.o
 .ARM.attributes
                0x00000000000002ea       0x39 Middlewares/Third_Party/FreeRTOS/Source/CMSIS_RTOS/cmsis_os.o
 .ARM.attributes
                0x0000000000000323       0x39 Middlewares/Third_Party/FreeRTOS/Source/list.o
 .ARM.attributes
                0x000000000000035c       0x39 Middlewares/Third_Party/FreeRTOS/Source/tasks.o
 .ARM.attributes
                0x0000000000000395       0x39 Middlewares/Third_Party/FreeRTOS/Source/portable/GCC/ARM_CM4F/port.o
 .ARM.attributes
                0x00000000000003ce       0x39 Middlewares/Third_Party/FreeRTOS/Source/portable/MemMang/heap_4.o
 .ARM.attributes
                0x0000000000000407       0x34 c:/st/stm32cubeide_1.3.0/stm32cubeide/plugins/com.st.stm32cube.ide.mcu.externaltools.gnu-tools-for-stm32.7-2018-q2-update.win32_1.0.0.201904181610/tools/bin/../lib/gcc/arm-none-eabi/7.3.1/../../../../arm-none-eabi/lib/thumb/v7e-m/fpv4-sp/hard\libc_nano.a(lib_a-init.o)
 .ARM.attributes
                0x000000000000043b       0x34 c:/st/stm32cubeide_1.3.0/stm32cubeide/plugins/com.st.stm32cube.ide.mcu.externaltools.gnu-tools-for-stm32.7-2018-q2-update.win32_1.0.0.201904181610/tools/bin/../lib/gcc/arm-none-eabi/7.3.1/../../../../arm-none-eabi/lib/thumb/v7e-m/fpv4-sp/hard\libc_nano.a(lib_a-memset.o)
 .ARM.attributes
                0x000000000000046f       0x34 c:/st/stm32cubeide_1.3.0/stm32cubeide/plugins/com.st.stm32cube.ide.mcu.externaltools.gnu-tools-for-stm32.7-2018-q2-update.win32_1.0.0.201904181610/tools/bin/../lib/gcc/arm-none-eabi/7.3.1/thumb/v7e-m/fpv4-sp/hard\libgcc.a(_clear_cache.o)
 .ARM.attributes
                0x00000000000004a3       0x22 c:/st/stm32cubeide_1.3.0/stm32cubeide/plugins/com.st.stm32cube.ide.mcu.externaltools.gnu-tools-for-stm32.7-2018-q2-update.win32_1.0.0.201904181610/tools/bin/../lib/gcc/arm-none-eabi/7.3.1/thumb/v7e-m/fpv4-sp/hard/crtn.o
OUTPUT(fsm_hal.elf elf32-littlearm)

.debug_info     0x0000000000000000     0xc1d3
 .debug_info    0x0000000000000000      0x452 Core/Src/freertos.o
 .debug_info    0x0000000000000452      0x5aa Core/Src/fsm.o
 .debug_info    0x00000000000009fc      0xb2b Core/Src/main.o
 .debug_info    0x0000000000001527      0x6f2 Core/Src/stm32l4xx_hal_msp.o
 .debug_info    0x0000000000001c19      0x308 Core/Src/stm32l4xx_it.o
 .debug_info    0x0000000000001f21      0x6f6 Core/Src/system_stm32l4xx.o
 .debug_info    0x0000000000002617       0x22 Core/Startup/startup_stm32l476rgtx.o
 .debug_info    0x0000000000002639      0xbe0 Drivers/STM32L4xx_HAL_Driver/Src/stm32l4xx_hal.o
 .debug_info    0x0000000000003219      0xf3c Drivers/STM32L4xx_HAL_Driver/Src/stm32l4xx_hal_cortex.o
 .debug_info    0x0000000000004155      0x982 Drivers/STM32L4xx_HAL_Driver/Src/stm32l4xx_hal_gpio.o
 .debug_info    0x0000000000004ad7      0xb04 Drivers/STM32L4xx_HAL_Driver/Src/stm32l4xx_hal_pwr_ex.o
 .debug_info    0x00000000000055db      0xcfe Drivers/STM32L4xx_HAL_Driver/Src/stm32l4xx_hal_rcc.o
 .debug_info    0x00000000000062d9     0x1e7e Middlewares/Third_Party/FreeRTOS/Source/CMSIS_RTOS/cmsis_os.o
 .debug_info    0x0000000000008157      0xacb Middlewares/Third_Party/FreeRTOS/Source/list.o
 .debug_info    0x0000000000008c22     0x2494 Middlewares/Third_Party/FreeRTOS/Source/tasks.o
 .debug_info    0x000000000000b0b6      0x533 Middlewares/Third_Party/FreeRTOS/Source/portable/GCC/ARM_CM4F/port.o
 .debug_info    0x000000000000b5e9      0xbea Middlewares/Third_Party/FreeRTOS/Source/portable/MemMang/heap_4.o

.debug_abbrev   0x0000000000000000     0x205a
 .debug_abbrev  0x0000000000000000      0x125 Core/Src/freertos.o
 .debug_abbrev  0x0000000000000125      0x1b2 Core/Src/fsm.o
 .debug_abbrev  0x00000000000002d7      0x21e Core/Src/main.o
 .debug_abbrev  0x00000000000004f5      0x12e Core/Src/stm32l4xx_hal_msp.o
 .debug_abbrev  0x0000000000000623       0xe2 Core/Src/stm32l4xx_it.o
 .debug_abbrev  0x0000000000000705      0x150 Core/Src/system_stm32l4xx.o
 .debug_abbrev  0x0000000000000855       0x12 Core/Startup/startup_stm32l476rgtx.o
 .debug_abbrev  0x0000000000000867      0x1fb Drivers/STM32L4xx_HAL_Driver/Src/stm32l4xx_hal.o
 .debug_abbrev  0x0000000000000a62      0x2fa Drivers/STM32L4xx_HAL_Driver/Src/stm32l4xx_hal_cortex.o
 .debug_abbrev  0x0000000000000d5c      0x1c0 Drivers/STM32L4xx_HAL_Driver/Src/stm32l4xx_hal_gpio.o
 .debug_abbrev  0x0000000000000f1c      0x1cb Drivers/STM32L4xx_HAL_Driver/Src/stm32l4xx_hal_pwr_ex.o
 .debug_abbrev  0x00000000000010e7      0x245 Drivers/STM32L4xx_HAL_Driver/Src/stm32l4xx_hal_rcc.o
 .debug_abbrev  0x000000000000132c      0x379 Middlewares/Third_Party/FreeRTOS/Source/CMSIS_RTOS/cmsis_os.o
 .debug_abbrev  0x00000000000016a5      0x1cf Middlewares/Third_Party/FreeRTOS/Source/list.o
 .debug_abbrev  0x0000000000001874      0x338 Middlewares/Third_Party/FreeRTOS/Source/tasks.o
 .debug_abbrev  0x0000000000001bac      0x210 Middlewares/Third_Party/FreeRTOS/Source/portable/GCC/ARM_CM4F/port.o
 .debug_abbrev  0x0000000000001dbc      0x29e Middlewares/Third_Party/FreeRTOS/Source/portable/MemMang/heap_4.o

.debug_aranges  0x0000000000000000      0xa88
 .debug_aranges
                0x0000000000000000       0x20 Core/Src/freertos.o
 .debug_aranges
                0x0000000000000020       0x50 Core/Src/fsm.o
 .debug_aranges
                0x0000000000000070       0x50 Core/Src/main.o
 .debug_aranges
                0x00000000000000c0       0x20 Core/Src/stm32l4xx_hal_msp.o
 .debug_aranges
                0x00000000000000e0       0x50 Core/Src/stm32l4xx_it.o
 .debug_aranges
                0x0000000000000130       0x28 Core/Src/system_stm32l4xx.o
 .debug_aranges
                0x0000000000000158       0x28 Core/Startup/startup_stm32l476rgtx.o
 .debug_aranges
                0x0000000000000180      0x130 Drivers/STM32L4xx_HAL_Driver/Src/stm32l4xx_hal.o
 .debug_aranges
                0x00000000000002b0      0x118 Drivers/STM32L4xx_HAL_Driver/Src/stm32l4xx_hal_cortex.o
 .debug_aranges
                0x00000000000003c8       0x58 Drivers/STM32L4xx_HAL_Driver/Src/stm32l4xx_hal_gpio.o
 .debug_aranges
                0x0000000000000420      0x150 Drivers/STM32L4xx_HAL_Driver/Src/stm32l4xx_hal_pwr_ex.o
 .debug_aranges
                0x0000000000000570       0x88 Drivers/STM32L4xx_HAL_Driver/Src/stm32l4xx_hal_rcc.o
 .debug_aranges
                0x00000000000005f8      0x1d8 Middlewares/Third_Party/FreeRTOS/Source/CMSIS_RTOS/cmsis_os.o
 .debug_aranges
                0x00000000000007d0       0x40 Middlewares/Third_Party/FreeRTOS/Source/list.o
 .debug_aranges
                0x0000000000000810      0x1a8 Middlewares/Third_Party/FreeRTOS/Source/tasks.o
 .debug_aranges
                0x00000000000009b8       0x80 Middlewares/Third_Party/FreeRTOS/Source/portable/GCC/ARM_CM4F/port.o
 .debug_aranges
                0x0000000000000a38       0x50 Middlewares/Third_Party/FreeRTOS/Source/portable/MemMang/heap_4.o

.debug_ranges   0x0000000000000000      0x980
 .debug_ranges  0x0000000000000000       0x10 Core/Src/freertos.o
 .debug_ranges  0x0000000000000010       0x40 Core/Src/fsm.o
 .debug_ranges  0x0000000000000050       0x40 Core/Src/main.o
 .debug_ranges  0x0000000000000090       0x10 Core/Src/stm32l4xx_hal_msp.o
 .debug_ranges  0x00000000000000a0       0x40 Core/Src/stm32l4xx_it.o
 .debug_ranges  0x00000000000000e0       0x18 Core/Src/system_stm32l4xx.o
 .debug_ranges  0x00000000000000f8       0x20 Core/Startup/startup_stm32l476rgtx.o
 .debug_ranges  0x0000000000000118      0x120 Drivers/STM32L4xx_HAL_Driver/Src/stm32l4xx_hal.o
 .debug_ranges  0x0000000000000238      0x108 Drivers/STM32L4xx_HAL_Driver/Src/stm32l4xx_hal_cortex.o
 .debug_ranges  0x0000000000000340       0x48 Drivers/STM32L4xx_HAL_Driver/Src/stm32l4xx_hal_gpio.o
 .debug_ranges  0x0000000000000388      0x140 Drivers/STM32L4xx_HAL_Driver/Src/stm32l4xx_hal_pwr_ex.o
 .debug_ranges  0x00000000000004c8       0x78 Drivers/STM32L4xx_HAL_Driver/Src/stm32l4xx_hal_rcc.o
 .debug_ranges  0x0000000000000540      0x1c8 Middlewares/Third_Party/FreeRTOS/Source/CMSIS_RTOS/cmsis_os.o
 .debug_ranges  0x0000000000000708       0x30 Middlewares/Third_Party/FreeRTOS/Source/list.o
 .debug_ranges  0x0000000000000738      0x198 Middlewares/Third_Party/FreeRTOS/Source/tasks.o
 .debug_ranges  0x00000000000008d0       0x70 Middlewares/Third_Party/FreeRTOS/Source/portable/GCC/ARM_CM4F/port.o
 .debug_ranges  0x0000000000000940       0x40 Middlewares/Third_Party/FreeRTOS/Source/portable/MemMang/heap_4.o

.debug_macro    0x0000000000000000    0x25ff4
 .debug_macro   0x0000000000000000      0x23d Core/Src/freertos.o
 .debug_macro   0x000000000000023d      0xa5a Core/Src/freertos.o
 .debug_macro   0x0000000000000c97      0x174 Core/Src/freertos.o
 .debug_macro   0x0000000000000e0b       0x22 Core/Src/freertos.o
 .debug_macro   0x0000000000000e2d       0x8e Core/Src/freertos.o
 .debug_macro   0x0000000000000ebb       0x51 Core/Src/freertos.o
 .debug_macro   0x0000000000000f0c       0xef Core/Src/freertos.o
 .debug_macro   0x0000000000000ffb       0x6a Core/Src/freertos.o
 .debug_macro   0x0000000000001065      0x1df Core/Src/freertos.o
 .debug_macro   0x0000000000001244       0xe4 Core/Src/freertos.o
 .debug_macro   0x0000000000001328      0x15a Core/Src/freertos.o
 .debug_macro   0x0000000000001482       0xde Core/Src/freertos.o
 .debug_macro   0x0000000000001560       0x1c Core/Src/freertos.o
 .debug_macro   0x000000000000157c       0x26 Core/Src/freertos.o
 .debug_macro   0x00000000000015a2      0x4e8 Core/Src/freertos.o
 .debug_macro   0x0000000000001a8a       0xb5 Core/Src/freertos.o
 .debug_macro   0x0000000000001b3f       0xaa Core/Src/freertos.o
 .debug_macro   0x0000000000001be9       0xb4 Core/Src/freertos.o
 .debug_macro   0x0000000000001c9d       0x2e Core/Src/freertos.o
 .debug_macro   0x0000000000001ccb       0x28 Core/Src/freertos.o
 .debug_macro   0x0000000000001cf3       0x1c Core/Src/freertos.o
 .debug_macro   0x0000000000001d0f       0x22 Core/Src/freertos.o
 .debug_macro   0x0000000000001d31       0xdf Core/Src/freertos.o
 .debug_macro   0x0000000000001e10     0x102d Core/Src/freertos.o
 .debug_macro   0x0000000000002e3d      0x11f Core/Src/freertos.o
 .debug_macro   0x0000000000002f5c    0x1a13d Core/Src/freertos.o
 .debug_macro   0x000000000001d099       0x43 Core/Src/freertos.o
 .debug_macro   0x000000000001d0dc     0x3890 Core/Src/freertos.o
 .debug_macro   0x000000000002096c       0x5c Core/Src/freertos.o
 .debug_macro   0x00000000000209c8     0x155f Core/Src/freertos.o
 .debug_macro   0x0000000000021f27      0x59e Core/Src/freertos.o
 .debug_macro   0x00000000000224c5      0x241 Core/Src/freertos.o
 .debug_macro   0x0000000000022706      0x13d Core/Src/freertos.o
 .debug_macro   0x0000000000022843      0x18b Core/Src/freertos.o
 .debug_macro   0x00000000000229ce      0x26b Core/Src/freertos.o
 .debug_macro   0x0000000000022c39      0x23d Core/Src/freertos.o
 .debug_macro   0x0000000000022e76      0x37c Core/Src/freertos.o
 .debug_macro   0x00000000000231f2       0xd6 Core/Src/freertos.o
 .debug_macro   0x00000000000232c8      0x22c Core/Src/freertos.o
 .debug_macro   0x00000000000234f4       0x5e Core/Src/freertos.o
 .debug_macro   0x0000000000023552       0xa5 Core/Src/freertos.o
 .debug_macro   0x00000000000235f7      0x122 Core/Src/freertos.o
 .debug_macro   0x0000000000023719      0x3e9 Core/Src/freertos.o
 .debug_macro   0x0000000000023b02      0x34a Core/Src/freertos.o
 .debug_macro   0x0000000000023e4c      0x1e5 Core/Src/fsm.o
 .debug_macro   0x0000000000024031      0x288 Core/Src/main.o
 .debug_macro   0x00000000000242b9       0xe4 Core/Src/main.o
 .debug_macro   0x000000000002439d       0x91 Core/Src/main.o
 .debug_macro   0x000000000002442e       0x8d Core/Src/main.o
 .debug_macro   0x00000000000244bb       0x7e Core/Src/main.o
 .debug_macro   0x0000000000024539       0x19 Core/Src/main.o
 .debug_macro   0x0000000000024552       0xf2 Core/Src/main.o
 .debug_macro   0x0000000000024644      0x1d5 Core/Src/stm32l4xx_hal_msp.o
 .debug_macro   0x0000000000024819      0x247 Core/Src/stm32l4xx_it.o
 .debug_macro   0x0000000000024a60      0x1c7 Core/Src/system_stm32l4xx.o
 .debug_macro   0x0000000000024c27      0x20f Drivers/STM32L4xx_HAL_Driver/Src/stm32l4xx_hal.o
 .debug_macro   0x0000000000024e36      0x1c1 Drivers/STM32L4xx_HAL_Driver/Src/stm32l4xx_hal_cortex.o
 .debug_macro   0x0000000000024ff7      0x200 Drivers/STM32L4xx_HAL_Driver/Src/stm32l4xx_hal_gpio.o
 .debug_macro   0x00000000000251f7      0x1e5 Drivers/STM32L4xx_HAL_Driver/Src/stm32l4xx_hal_pwr_ex.o
 .debug_macro   0x00000000000253dc      0x203 Drivers/STM32L4xx_HAL_Driver/Src/stm32l4xx_hal_rcc.o
 .debug_macro   0x00000000000255df      0x1f1 Middlewares/Third_Party/FreeRTOS/Source/CMSIS_RTOS/cmsis_os.o
 .debug_macro   0x00000000000257d0       0x10 Middlewares/Third_Party/FreeRTOS/Source/CMSIS_RTOS/cmsis_os.o
 .debug_macro   0x00000000000257e0       0x20 Middlewares/Third_Party/FreeRTOS/Source/CMSIS_RTOS/cmsis_os.o
 .debug_macro   0x0000000000025800       0xc7 Middlewares/Third_Party/FreeRTOS/Source/CMSIS_RTOS/cmsis_os.o
 .debug_macro   0x00000000000258c7      0x17a Middlewares/Third_Party/FreeRTOS/Source/list.o
 .debug_macro   0x0000000000025a41      0x26c Middlewares/Third_Party/FreeRTOS/Source/tasks.o
 .debug_macro   0x0000000000025cad       0x10 Middlewares/Third_Party/FreeRTOS/Source/tasks.o
 .debug_macro   0x0000000000025cbd      0x196 Middlewares/Third_Party/FreeRTOS/Source/portable/GCC/ARM_CM4F/port.o
 .debug_macro   0x0000000000025e53      0x1a1 Middlewares/Third_Party/FreeRTOS/Source/portable/MemMang/heap_4.o

.debug_line     0x0000000000000000     0x8ffc
 .debug_line    0x0000000000000000      0x7ac Core/Src/freertos.o
 .debug_line    0x00000000000007ac      0x74f Core/Src/fsm.o
 .debug_line    0x0000000000000efb      0x8cb Core/Src/main.o
 .debug_line    0x00000000000017c6      0x6b3 Core/Src/stm32l4xx_hal_msp.o
 .debug_line    0x0000000000001e79      0x839 Core/Src/stm32l4xx_it.o
 .debug_line    0x00000000000026b2      0x6d4 Core/Src/system_stm32l4xx.o
 .debug_line    0x0000000000002d86       0x85 Core/Startup/startup_stm32l476rgtx.o
 .debug_line    0x0000000000002e0b      0x947 Drivers/STM32L4xx_HAL_Driver/Src/stm32l4xx_hal.o
 .debug_line    0x0000000000003752      0x9d0 Drivers/STM32L4xx_HAL_Driver/Src/stm32l4xx_hal_cortex.o
 .debug_line    0x0000000000004122      0x867 Drivers/STM32L4xx_HAL_Driver/Src/stm32l4xx_hal_gpio.o
 .debug_line    0x0000000000004989      0xa5e Drivers/STM32L4xx_HAL_Driver/Src/stm32l4xx_hal_pwr_ex.o
 .debug_line    0x00000000000053e7      0x9c1 Drivers/STM32L4xx_HAL_Driver/Src/stm32l4xx_hal_rcc.o
 .debug_line    0x0000000000005da8      0xcc0 Middlewares/Third_Party/FreeRTOS/Source/CMSIS_RTOS/cmsis_os.o
 .debug_line    0x0000000000006a68      0x66c Middlewares/Third_Party/FreeRTOS/Source/list.o
 .debug_line    0x00000000000070d4     0x1133 Middlewares/Third_Party/FreeRTOS/Source/tasks.o
 .debug_line    0x0000000000008207      0x6a3 Middlewares/Third_Party/FreeRTOS/Source/portable/GCC/ARM_CM4F/port.o
 .debug_line    0x00000000000088aa      0x752 Middlewares/Third_Party/FreeRTOS/Source/portable/MemMang/heap_4.o

.debug_str      0x0000000000000000    0xea9d6
 .debug_str     0x0000000000000000    0xe11aa Core/Src/freertos.o
                                      0xe149c (size before relaxing)
 .debug_str     0x00000000000e11aa      0x13e Core/Src/fsm.o
                                      0xdd783 (size before relaxing)
 .debug_str     0x00000000000e12e8     0x26ac Core/Src/main.o
                                      0xe3b23 (size before relaxing)
 .debug_str     0x00000000000e3994      0x46b Core/Src/stm32l4xx_hal_msp.o
                                      0xddc7d (size before relaxing)
 .debug_str     0x00000000000e3dff       0xa2 Core/Src/stm32l4xx_it.o
                                      0xe13ec (size before relaxing)
 .debug_str     0x00000000000e3ea1       0xcd Core/Src/system_stm32l4xx.o
                                      0xdd826 (size before relaxing)
 .debug_str     0x00000000000e3f6e       0x36 Core/Startup/startup_stm32l476rgtx.o
                                         0x70 (size before relaxing)
 .debug_str     0x00000000000e3fa4      0x5b3 Drivers/STM32L4xx_HAL_Driver/Src/stm32l4xx_hal.o
                                      0xde2fd (size before relaxing)
 .debug_str     0x00000000000e4557      0x389 Drivers/STM32L4xx_HAL_Driver/Src/stm32l4xx_hal_cortex.o
                                      0xde079 (size before relaxing)
 .debug_str     0x00000000000e48e0      0x23b Drivers/STM32L4xx_HAL_Driver/Src/stm32l4xx_hal_gpio.o
                                      0xddaa5 (size before relaxing)
 .debug_str     0x00000000000e4b1b      0x4b4 Drivers/STM32L4xx_HAL_Driver/Src/stm32l4xx_hal_pwr_ex.o
                                      0xddd41 (size before relaxing)
 .debug_str     0x00000000000e4fcf      0x3b5 Drivers/STM32L4xx_HAL_Driver/Src/stm32l4xx_hal_rcc.o
                                      0xddde8 (size before relaxing)
 .debug_str     0x00000000000e5384     0x37c5 Middlewares/Third_Party/FreeRTOS/Source/CMSIS_RTOS/cmsis_os.o
                                       0xe113 (size before relaxing)
 .debug_str     0x00000000000e8b49      0x219 Middlewares/Third_Party/FreeRTOS/Source/list.o
                                       0xa745 (size before relaxing)
 .debug_str     0x00000000000e8d62     0x1203 Middlewares/Third_Party/FreeRTOS/Source/tasks.o
                                       0xc966 (size before relaxing)
 .debug_str     0x00000000000e9f65      0x817 Middlewares/Third_Party/FreeRTOS/Source/portable/GCC/ARM_CM4F/port.o
                                       0x8512 (size before relaxing)
 .debug_str     0x00000000000ea77c      0x25a Middlewares/Third_Party/FreeRTOS/Source/portable/MemMang/heap_4.o
                                       0xaf38 (size before relaxing)

.comment        0x0000000000000000       0x7b
 .comment       0x0000000000000000       0x7b Core/Src/freertos.o
                                         0x7c (size before relaxing)
 .comment       0x000000000000007b       0x7c Core/Src/fsm.o
 .comment       0x000000000000007b       0x7c Core/Src/main.o
 .comment       0x000000000000007b       0x7c Core/Src/stm32l4xx_hal_msp.o
 .comment       0x000000000000007b       0x7c Core/Src/stm32l4xx_it.o
 .comment       0x000000000000007b       0x7c Core/Src/system_stm32l4xx.o
 .comment       0x000000000000007b       0x7c Drivers/STM32L4xx_HAL_Driver/Src/stm32l4xx_hal.o
 .comment       0x000000000000007b       0x7c Drivers/STM32L4xx_HAL_Driver/Src/stm32l4xx_hal_cortex.o
 .comment       0x000000000000007b       0x7c Drivers/STM32L4xx_HAL_Driver/Src/stm32l4xx_hal_gpio.o
 .comment       0x000000000000007b       0x7c Drivers/STM32L4xx_HAL_Driver/Src/stm32l4xx_hal_pwr_ex.o
 .comment       0x000000000000007b       0x7c Drivers/STM32L4xx_HAL_Driver/Src/stm32l4xx_hal_rcc.o
 .comment       0x000000000000007b       0x7c Middlewares/Third_Party/FreeRTOS/Source/CMSIS_RTOS/cmsis_os.o
 .comment       0x000000000000007b       0x7c Middlewares/Third_Party/FreeRTOS/Source/list.o
 .comment       0x000000000000007b       0x7c Middlewares/Third_Party/FreeRTOS/Source/tasks.o
 .comment       0x000000000000007b       0x7c Middlewares/Third_Party/FreeRTOS/Source/portable/GCC/ARM_CM4F/port.o
 .comment       0x000000000000007b       0x7c Middlewares/Third_Party/FreeRTOS/Source/portable/MemMang/heap_4.o

.debug_frame    0x0000000000000000     0x2880
 .debug_frame   0x0000000000000000       0x38 Core/Src/freertos.o
 .debug_frame   0x0000000000000038      0x10c Core/Src/fsm.o
 .debug_frame   0x0000000000000144       0xfc Core/Src/main.o
 .debug_frame   0x0000000000000240       0x34 Core/Src/stm32l4xx_hal_msp.o
 .debug_frame   0x0000000000000274       0xcc Core/Src/stm32l4xx_it.o
 .debug_frame   0x0000000000000340       0x58 Core/Src/system_stm32l4xx.o
 .debug_frame   0x0000000000000398      0x498 Drivers/STM32L4xx_HAL_Driver/Src/stm32l4xx_hal.o
 .debug_frame   0x0000000000000830      0x498 Drivers/STM32L4xx_HAL_Driver/Src/stm32l4xx_hal_cortex.o
 .debug_frame   0x0000000000000cc8      0x14c Drivers/STM32L4xx_HAL_Driver/Src/stm32l4xx_hal_gpio.o
 .debug_frame   0x0000000000000e14      0x544 Drivers/STM32L4xx_HAL_Driver/Src/stm32l4xx_hal_pwr_ex.o
 .debug_frame   0x0000000000001358      0x1f4 Drivers/STM32L4xx_HAL_Driver/Src/stm32l4xx_hal_rcc.o
 .debug_frame   0x000000000000154c      0x80c Middlewares/Third_Party/FreeRTOS/Source/CMSIS_RTOS/cmsis_os.o
 .debug_frame   0x0000000000001d58       0xd8 Middlewares/Third_Party/FreeRTOS/Source/list.o
 .debug_frame   0x0000000000001e30      0x734 Middlewares/Third_Party/FreeRTOS/Source/tasks.o
 .debug_frame   0x0000000000002564      0x1a8 Middlewares/Third_Party/FreeRTOS/Source/portable/GCC/ARM_CM4F/port.o
 .debug_frame   0x000000000000270c      0x108 Middlewares/Third_Party/FreeRTOS/Source/portable/MemMang/heap_4.o
 .debug_frame   0x0000000000002814       0x2c c:/st/stm32cubeide_1.3.0/stm32cubeide/plugins/com.st.stm32cube.ide.mcu.externaltools.gnu-tools-for-stm32.7-2018-q2-update.win32_1.0.0.201904181610/tools/bin/../lib/gcc/arm-none-eabi/7.3.1/../../../../arm-none-eabi/lib/thumb/v7e-m/fpv4-sp/hard\libc_nano.a(lib_a-init.o)
 .debug_frame   0x0000000000002840       0x20 c:/st/stm32cubeide_1.3.0/stm32cubeide/plugins/com.st.stm32cube.ide.mcu.externaltools.gnu-tools-for-stm32.7-2018-q2-update.win32_1.0.0.201904181610/tools/bin/../lib/gcc/arm-none-eabi/7.3.1/../../../../arm-none-eabi/lib/thumb/v7e-m/fpv4-sp/hard\libc_nano.a(lib_a-memset.o)
 .debug_frame   0x0000000000002860       0x20 c:/st/stm32cubeide_1.3.0/stm32cubeide/plugins/com.st.stm32cube.ide.mcu.externaltools.gnu-tools-for-stm32.7-2018-q2-update.win32_1.0.0.201904181610/tools/bin/../lib/gcc/arm-none-eabi/7.3.1/thumb/v7e-m/fpv4-sp/hard\libgcc.a(_clear_cache.o)
